// Jest Snapshot v1, https://goo.gl/fbAQLP

exports[`AdminAnalytics saga load actions Should call load.failure if API returns error 1`] = `
Object {
  "@@redux-saga/IO": true,
  "combinator": false,
  "payload": Object {
    "action": Object {
      "type": "app/admin-analytics/LOAD/REQUEST",
    },
    "channel": undefined,
  },
  "type": "PUT",
}
`;

exports[`AdminAnalytics saga load actions Should call load.failure if an exception occurs 1`] = `
Object {
  "@@redux-saga/IO": true,
  "combinator": false,
  "payload": Object {
    "action": Object {
      "type": "app/admin-analytics/LOAD/REQUEST",
    },
    "channel": undefined,
  },
  "type": "PUT",
}
`;

exports[`AdminAnalytics saga load actions Should call load.success on successful API call 1`] = `
Object {
  "@@redux-saga/IO": true,
  "combinator": false,
  "payload": Object {
    "action": Object {
      "type": "app/admin-analytics/LOAD/REQUEST",
    },
    "channel": undefined,
  },
  "type": "PUT",
}
`;
