// Jest Snapshot v1, https://goo.gl/fbAQLP

exports[`Analytics saga sendAnalytic actions Should call sendAnalytic.failure if an error is returned 1`] = `
Object {
  "@@redux-saga/IO": true,
  "combinator": false,
  "payload": Object {
    "args": Array [],
    "selector": [Function],
  },
  "type": "SELECT",
}
`;

exports[`Analytics saga sendAnalytic actions Should call sendAnalytic.failure if an exception occurs 1`] = `
Object {
  "@@redux-saga/IO": true,
  "combinator": false,
  "payload": Object {
    "args": Array [],
    "selector": [Function],
  },
  "type": "SELECT",
}
`;

exports[`Analytics saga sendAnalytic actions Should call sendAnalytic.success on successful API call 1`] = `
Object {
  "@@redux-saga/IO": true,
  "combinator": false,
  "payload": Object {
    "args": Array [],
    "selector": [Function],
  },
  "type": "SELECT",
}
`;
