// Jest Snapshot v1, https://goo.gl/fbAQLP

exports[`<ApiDocs /> should render correctly 1`] = `
<div>
  <h1
    class="page-title__heading"
  >
    API docs
  </h1>
  <table
    cellpadding="4"
    cellspacing="4"
    class="table__table api-docs__table"
  >
    <thead
      class="table__head"
    >
      <tr
        class="table__row"
      >
        <th
          class="table__cell api-docs__cell"
        >
          <span
            class="paragraph paragraph--no-padding"
          >
            Path
          </span>
        </th>
        <th
          class="table__cell api-docs__cell"
        >
          <span
            class="paragraph paragraph--no-padding"
          >
            Method
          </span>
        </th>
        <th
          class="table__cell api-docs__cell"
        >
          <span
            class="paragraph paragraph--no-padding"
          >
            Arguments
          </span>
        </th>
        <th
          class="table__cell api-docs__cell"
        >
          <span
            class="paragraph paragraph--no-padding"
          >
            Authorisation
          </span>
        </th>
        <th
          class="table__cell api-docs__cell"
        >
          <span
            class="paragraph paragraph--no-padding"
          >
            Description
          </span>
        </th>
      </tr>
    </thead>
    <tbody
      class="table__body"
    >
      <tr
        class="table__row"
      >
        <th
          class="table__cell api-docs__cell"
        >
          <a
            aria-label="/analytics/create (opens in a new tab)"
            class="text-link text-link--text-link text-link--no-padding text-link--inline"
            href="https://screen-reader-adventures.com/api/analytics/create"
            rel="noopener noreferrer"
            target="_blank"
          >
            /analytics/create
            <div
              class="text-link__icon-container"
            >
              <svg
                class="icon text-link__icon"
                height="18"
                viewBox="0 0 24 24"
                width="18"
                xmlns="http://www.w3.org/2000/svg"
              >
                <path
                  d="M12.5 11.3c.4.4 1 .4 1.4 0L19 6.2V9c0 .6.4 1 1 1s1-.4 1-1V4c0-.6-.4-1-1-1h-5c-.6 0-1 .4-1 1s.4 1 1 1h2.4l-4.9 4.9c-.4.4-.4 1 0 1.4zM19 19c0 1.1-.9 2-2 2H5c-1.1 0-2-.9-2-2V7c0-1.1.9-2 2-2h7v2H5v12h12v-7h2"
                />
              </svg>
            </div>
          </a>
        </th>
        <th
          class="table__cell api-docs__cell"
        >
          <span
            class="paragraph paragraph--no-padding api-docs__method"
          >
            POST
          </span>
        </th>
        <th
          class="table__cell api-docs__cell"
        >
          <span
            class="paragraph paragraph--no-padding"
          />
        </th>
        <th
          class="table__cell api-docs__cell"
        >
          <span
            class="paragraph paragraph--no-padding"
          >
            None
          </span>
        </th>
        <th
          class="table__cell api-docs__cell"
        >
          <span
            class="paragraph paragraph--no-padding api-docs__description"
          >
            Registers information about the page navigated to
          </span>
        </th>
      </tr>
      <tr
        class="table__row"
      >
        <th
          class="table__cell api-docs__cell"
        >
          <a
            aria-label="/analytics/load-all (opens in a new tab)"
            class="text-link text-link--text-link text-link--no-padding text-link--inline"
            href="https://screen-reader-adventures.com/api/analytics/load-all"
            rel="noopener noreferrer"
            target="_blank"
          >
            /analytics/load-all
            <div
              class="text-link__icon-container"
            >
              <svg
                class="icon text-link__icon"
                height="18"
                viewBox="0 0 24 24"
                width="18"
                xmlns="http://www.w3.org/2000/svg"
              >
                <path
                  d="M12.5 11.3c.4.4 1 .4 1.4 0L19 6.2V9c0 .6.4 1 1 1s1-.4 1-1V4c0-.6-.4-1-1-1h-5c-.6 0-1 .4-1 1s.4 1 1 1h2.4l-4.9 4.9c-.4.4-.4 1 0 1.4zM19 19c0 1.1-.9 2-2 2H5c-1.1 0-2-.9-2-2V7c0-1.1.9-2 2-2h7v2H5v12h12v-7h2"
                />
              </svg>
            </div>
          </a>
        </th>
        <th
          class="table__cell api-docs__cell"
        >
          <span
            class="paragraph paragraph--no-padding api-docs__method"
          >
            GET
          </span>
        </th>
        <th
          class="table__cell api-docs__cell"
        >
          <span
            class="paragraph paragraph--no-padding"
          />
        </th>
        <th
          class="table__cell api-docs__cell"
        >
          <span
            class="paragraph paragraph--no-padding"
          >
            Admin only
          </span>
        </th>
        <th
          class="table__cell api-docs__cell"
        >
          <span
            class="paragraph paragraph--no-padding api-docs__description"
          >
            Loads all raw analytic points
          </span>
        </th>
      </tr>
      <tr
        class="table__row"
      >
        <th
          class="table__cell api-docs__cell"
        >
          <a
            aria-label="/analytics/load (opens in a new tab)"
            class="text-link text-link--text-link text-link--no-padding text-link--inline"
            href="https://screen-reader-adventures.com/api/analytics/load"
            rel="noopener noreferrer"
            target="_blank"
          >
            /analytics/load
            <div
              class="text-link__icon-container"
            >
              <svg
                class="icon text-link__icon"
                height="18"
                viewBox="0 0 24 24"
                width="18"
                xmlns="http://www.w3.org/2000/svg"
              >
                <path
                  d="M12.5 11.3c.4.4 1 .4 1.4 0L19 6.2V9c0 .6.4 1 1 1s1-.4 1-1V4c0-.6-.4-1-1-1h-5c-.6 0-1 .4-1 1s.4 1 1 1h2.4l-4.9 4.9c-.4.4-.4 1 0 1.4zM19 19c0 1.1-.9 2-2 2H5c-1.1 0-2-.9-2-2V7c0-1.1.9-2 2-2h7v2H5v12h12v-7h2"
                />
              </svg>
            </div>
          </a>
        </th>
        <th
          class="table__cell api-docs__cell"
        >
          <span
            class="paragraph paragraph--no-padding api-docs__method"
          >
            GET
          </span>
        </th>
        <th
          class="table__cell api-docs__cell"
        >
          <span
            class="paragraph paragraph--no-padding"
          />
        </th>
        <th
          class="table__cell api-docs__cell"
        >
          <span
            class="paragraph paragraph--no-padding"
          >
            Admin only
          </span>
        </th>
        <th
          class="table__cell api-docs__cell"
        >
          <span
            class="paragraph paragraph--no-padding api-docs__description"
          >
            Loads a summary of unique analytic points
          </span>
        </th>
      </tr>
      <tr
        class="table__row"
      >
        <th
          class="table__cell api-docs__cell"
        >
          <a
            aria-label="/auth/load (opens in a new tab)"
            class="text-link text-link--text-link text-link--no-padding text-link--inline"
            href="https://screen-reader-adventures.com/api/auth/load"
            rel="noopener noreferrer"
            target="_blank"
          >
            /auth/load
            <div
              class="text-link__icon-container"
            >
              <svg
                class="icon text-link__icon"
                height="18"
                viewBox="0 0 24 24"
                width="18"
                xmlns="http://www.w3.org/2000/svg"
              >
                <path
                  d="M12.5 11.3c.4.4 1 .4 1.4 0L19 6.2V9c0 .6.4 1 1 1s1-.4 1-1V4c0-.6-.4-1-1-1h-5c-.6 0-1 .4-1 1s.4 1 1 1h2.4l-4.9 4.9c-.4.4-.4 1 0 1.4zM19 19c0 1.1-.9 2-2 2H5c-1.1 0-2-.9-2-2V7c0-1.1.9-2 2-2h7v2H5v12h12v-7h2"
                />
              </svg>
            </div>
          </a>
        </th>
        <th
          class="table__cell api-docs__cell"
        >
          <span
            class="paragraph paragraph--no-padding api-docs__method"
          >
            GET
          </span>
        </th>
        <th
          class="table__cell api-docs__cell"
        >
          <span
            class="paragraph paragraph--no-padding"
          />
        </th>
        <th
          class="table__cell api-docs__cell"
        >
          <span
            class="paragraph paragraph--no-padding"
          >
            None
          </span>
        </th>
        <th
          class="table__cell api-docs__cell"
        >
          <span
            class="paragraph paragraph--no-padding api-docs__description"
          >
            Loads the currently authenticated used. Returns null if signed out
          </span>
        </th>
      </tr>
      <tr
        class="table__row"
      >
        <th
          class="table__cell api-docs__cell"
        >
          <a
            aria-label="/auth/logout (opens in a new tab)"
            class="text-link text-link--text-link text-link--no-padding text-link--inline"
            href="https://screen-reader-adventures.com/api/auth/logout"
            rel="noopener noreferrer"
            target="_blank"
          >
            /auth/logout
            <div
              class="text-link__icon-container"
            >
              <svg
                class="icon text-link__icon"
                height="18"
                viewBox="0 0 24 24"
                width="18"
                xmlns="http://www.w3.org/2000/svg"
              >
                <path
                  d="M12.5 11.3c.4.4 1 .4 1.4 0L19 6.2V9c0 .6.4 1 1 1s1-.4 1-1V4c0-.6-.4-1-1-1h-5c-.6 0-1 .4-1 1s.4 1 1 1h2.4l-4.9 4.9c-.4.4-.4 1 0 1.4zM19 19c0 1.1-.9 2-2 2H5c-1.1 0-2-.9-2-2V7c0-1.1.9-2 2-2h7v2H5v12h12v-7h2"
                />
              </svg>
            </div>
          </a>
        </th>
        <th
          class="table__cell api-docs__cell"
        >
          <span
            class="paragraph paragraph--no-padding api-docs__method"
          >
            POST
          </span>
        </th>
        <th
          class="table__cell api-docs__cell"
        >
          <span
            class="paragraph paragraph--no-padding"
          />
        </th>
        <th
          class="table__cell api-docs__cell"
        >
          <span
            class="paragraph paragraph--no-padding"
          >
            None
          </span>
        </th>
        <th
          class="table__cell api-docs__cell"
        >
          <span
            class="paragraph paragraph--no-padding api-docs__description"
          >
            Logs out the currently authenticated user
          </span>
        </th>
      </tr>
      <tr
        class="table__row"
      >
        <th
          class="table__cell api-docs__cell"
        >
          <a
            aria-label="/auth/request-verification-email (opens in a new tab)"
            class="text-link text-link--text-link text-link--no-padding text-link--inline"
            href="https://screen-reader-adventures.com/api/auth/request-verification-email"
            rel="noopener noreferrer"
            target="_blank"
          >
            /auth/request-verification-email
            <div
              class="text-link__icon-container"
            >
              <svg
                class="icon text-link__icon"
                height="18"
                viewBox="0 0 24 24"
                width="18"
                xmlns="http://www.w3.org/2000/svg"
              >
                <path
                  d="M12.5 11.3c.4.4 1 .4 1.4 0L19 6.2V9c0 .6.4 1 1 1s1-.4 1-1V4c0-.6-.4-1-1-1h-5c-.6 0-1 .4-1 1s.4 1 1 1h2.4l-4.9 4.9c-.4.4-.4 1 0 1.4zM19 19c0 1.1-.9 2-2 2H5c-1.1 0-2-.9-2-2V7c0-1.1.9-2 2-2h7v2H5v12h12v-7h2"
                />
              </svg>
            </div>
          </a>
        </th>
        <th
          class="table__cell api-docs__cell"
        >
          <span
            class="paragraph paragraph--no-padding api-docs__method"
          >
            POST
          </span>
        </th>
        <th
          class="table__cell api-docs__cell"
        >
          <span
            class="paragraph paragraph--no-padding"
          />
        </th>
        <th
          class="table__cell api-docs__cell"
        >
          <span
            class="paragraph paragraph--no-padding"
          >
            Any user
          </span>
        </th>
        <th
          class="table__cell api-docs__cell"
        >
          <span
            class="paragraph paragraph--no-padding api-docs__description"
          >
            Resends an email verification email
          </span>
        </th>
      </tr>
      <tr
        class="table__row"
      >
        <th
          class="table__cell api-docs__cell"
        >
          <a
            aria-label="/auth/verify-email (opens in a new tab)"
            class="text-link text-link--text-link text-link--no-padding text-link--inline"
            href="https://screen-reader-adventures.com/api/auth/verify-email"
            rel="noopener noreferrer"
            target="_blank"
          >
            /auth/verify-email
            <div
              class="text-link__icon-container"
            >
              <svg
                class="icon text-link__icon"
                height="18"
                viewBox="0 0 24 24"
                width="18"
                xmlns="http://www.w3.org/2000/svg"
              >
                <path
                  d="M12.5 11.3c.4.4 1 .4 1.4 0L19 6.2V9c0 .6.4 1 1 1s1-.4 1-1V4c0-.6-.4-1-1-1h-5c-.6 0-1 .4-1 1s.4 1 1 1h2.4l-4.9 4.9c-.4.4-.4 1 0 1.4zM19 19c0 1.1-.9 2-2 2H5c-1.1 0-2-.9-2-2V7c0-1.1.9-2 2-2h7v2H5v12h12v-7h2"
                />
              </svg>
            </div>
          </a>
        </th>
        <th
          class="table__cell api-docs__cell"
        >
          <span
            class="paragraph paragraph--no-padding api-docs__method"
          >
            POST
          </span>
        </th>
        <th
          class="table__cell api-docs__cell"
        >
          <span
            class="paragraph paragraph--no-padding"
          />
        </th>
        <th
          class="table__cell api-docs__cell"
        >
          <span
            class="paragraph paragraph--no-padding"
          >
            None
          </span>
        </th>
        <th
          class="table__cell api-docs__cell"
        >
          <span
            class="paragraph paragraph--no-padding api-docs__description"
          >
            Verify an email address with a secret verification key
          </span>
        </th>
      </tr>
      <tr
        class="table__row"
      >
        <th
          class="table__cell api-docs__cell"
        >
          <a
            aria-label="/emails/load (opens in a new tab)"
            class="text-link text-link--text-link text-link--no-padding text-link--inline"
            href="https://screen-reader-adventures.com/api/emails/load"
            rel="noopener noreferrer"
            target="_blank"
          >
            /emails/load
            <div
              class="text-link__icon-container"
            >
              <svg
                class="icon text-link__icon"
                height="18"
                viewBox="0 0 24 24"
                width="18"
                xmlns="http://www.w3.org/2000/svg"
              >
                <path
                  d="M12.5 11.3c.4.4 1 .4 1.4 0L19 6.2V9c0 .6.4 1 1 1s1-.4 1-1V4c0-.6-.4-1-1-1h-5c-.6 0-1 .4-1 1s.4 1 1 1h2.4l-4.9 4.9c-.4.4-.4 1 0 1.4zM19 19c0 1.1-.9 2-2 2H5c-1.1 0-2-.9-2-2V7c0-1.1.9-2 2-2h7v2H5v12h12v-7h2"
                />
              </svg>
            </div>
          </a>
        </th>
        <th
          class="table__cell api-docs__cell"
        >
          <span
            class="paragraph paragraph--no-padding api-docs__method"
          >
            GET
          </span>
        </th>
        <th
          class="table__cell api-docs__cell"
        >
          <span
            class="paragraph paragraph--no-padding"
          />
        </th>
        <th
          class="table__cell api-docs__cell"
        >
          <span
            class="paragraph paragraph--no-padding"
          >
            Admin only
          </span>
        </th>
        <th
          class="table__cell api-docs__cell"
        >
          <span
            class="paragraph paragraph--no-padding api-docs__description"
          >
            Loads emails that have been sent
          </span>
        </th>
      </tr>
      <tr
        class="table__row"
      >
        <th
          class="table__cell api-docs__cell"
        >
          <a
            aria-label="/emails/resend (opens in a new tab)"
            class="text-link text-link--text-link text-link--no-padding text-link--inline"
            href="https://screen-reader-adventures.com/api/emails/resend"
            rel="noopener noreferrer"
            target="_blank"
          >
            /emails/resend
            <div
              class="text-link__icon-container"
            >
              <svg
                class="icon text-link__icon"
                height="18"
                viewBox="0 0 24 24"
                width="18"
                xmlns="http://www.w3.org/2000/svg"
              >
                <path
                  d="M12.5 11.3c.4.4 1 .4 1.4 0L19 6.2V9c0 .6.4 1 1 1s1-.4 1-1V4c0-.6-.4-1-1-1h-5c-.6 0-1 .4-1 1s.4 1 1 1h2.4l-4.9 4.9c-.4.4-.4 1 0 1.4zM19 19c0 1.1-.9 2-2 2H5c-1.1 0-2-.9-2-2V7c0-1.1.9-2 2-2h7v2H5v12h12v-7h2"
                />
              </svg>
            </div>
          </a>
        </th>
        <th
          class="table__cell api-docs__cell"
        >
          <span
            class="paragraph paragraph--no-padding api-docs__method"
          >
            POST
          </span>
        </th>
        <th
          class="table__cell api-docs__cell"
        >
          <span
            class="paragraph paragraph--no-padding"
          />
        </th>
        <th
          class="table__cell api-docs__cell"
        >
          <span
            class="paragraph paragraph--no-padding"
          >
            Admin only
          </span>
        </th>
        <th
          class="table__cell api-docs__cell"
        >
          <span
            class="paragraph paragraph--no-padding api-docs__description"
          >
            Resends an email that's stored in the database
          </span>
        </th>
      </tr>
      <tr
        class="table__row"
      >
        <th
          class="table__cell api-docs__cell"
        >
          <a
            aria-label="/magic-links/login (opens in a new tab)"
            class="text-link text-link--text-link text-link--no-padding text-link--inline"
            href="https://screen-reader-adventures.com/api/magic-links/login"
            rel="noopener noreferrer"
            target="_blank"
          >
            /magic-links/login
            <div
              class="text-link__icon-container"
            >
              <svg
                class="icon text-link__icon"
                height="18"
                viewBox="0 0 24 24"
                width="18"
                xmlns="http://www.w3.org/2000/svg"
              >
                <path
                  d="M12.5 11.3c.4.4 1 .4 1.4 0L19 6.2V9c0 .6.4 1 1 1s1-.4 1-1V4c0-.6-.4-1-1-1h-5c-.6 0-1 .4-1 1s.4 1 1 1h2.4l-4.9 4.9c-.4.4-.4 1 0 1.4zM19 19c0 1.1-.9 2-2 2H5c-1.1 0-2-.9-2-2V7c0-1.1.9-2 2-2h7v2H5v12h12v-7h2"
                />
              </svg>
            </div>
          </a>
        </th>
        <th
          class="table__cell api-docs__cell"
        >
          <span
            class="paragraph paragraph--no-padding api-docs__method"
          >
            POST
          </span>
        </th>
        <th
          class="table__cell api-docs__cell"
        >
          <span
            class="paragraph paragraph--no-padding"
          />
        </th>
        <th
          class="table__cell api-docs__cell"
        >
          <span
            class="paragraph paragraph--no-padding"
          >
            None
          </span>
        </th>
        <th
          class="table__cell api-docs__cell"
        >
          <span
            class="paragraph paragraph--no-padding api-docs__description"
          >
            Login using a secret magic-link key
          </span>
        </th>
      </tr>
      <tr
        class="table__row"
      >
        <th
          class="table__cell api-docs__cell"
        >
          <a
            aria-label="/magic-links/request (opens in a new tab)"
            class="text-link text-link--text-link text-link--no-padding text-link--inline"
            href="https://screen-reader-adventures.com/api/magic-links/request"
            rel="noopener noreferrer"
            target="_blank"
          >
            /magic-links/request
            <div
              class="text-link__icon-container"
            >
              <svg
                class="icon text-link__icon"
                height="18"
                viewBox="0 0 24 24"
                width="18"
                xmlns="http://www.w3.org/2000/svg"
              >
                <path
                  d="M12.5 11.3c.4.4 1 .4 1.4 0L19 6.2V9c0 .6.4 1 1 1s1-.4 1-1V4c0-.6-.4-1-1-1h-5c-.6 0-1 .4-1 1s.4 1 1 1h2.4l-4.9 4.9c-.4.4-.4 1 0 1.4zM19 19c0 1.1-.9 2-2 2H5c-1.1 0-2-.9-2-2V7c0-1.1.9-2 2-2h7v2H5v12h12v-7h2"
                />
              </svg>
            </div>
          </a>
        </th>
        <th
          class="table__cell api-docs__cell"
        >
          <span
            class="paragraph paragraph--no-padding api-docs__method"
          >
            POST
          </span>
        </th>
        <th
          class="table__cell api-docs__cell"
        >
          <span
            class="paragraph paragraph--no-padding"
          />
        </th>
        <th
          class="table__cell api-docs__cell"
        >
          <span
            class="paragraph paragraph--no-padding"
          >
            None
          </span>
        </th>
        <th
          class="table__cell api-docs__cell"
        >
          <span
            class="paragraph paragraph--no-padding api-docs__description"
          >
            Request a magic link for a given account using the account's email address
          </span>
        </th>
      </tr>
      <tr
        class="table__row"
      >
        <th
          class="table__cell api-docs__cell"
        >
          <a
            aria-label="/data-management/backup (opens in a new tab)"
            class="text-link text-link--text-link text-link--no-padding text-link--inline"
            href="https://screen-reader-adventures.com/api/data-management/backup"
            rel="noopener noreferrer"
            target="_blank"
          >
            /data-management/backup
            <div
              class="text-link__icon-container"
            >
              <svg
                class="icon text-link__icon"
                height="18"
                viewBox="0 0 24 24"
                width="18"
                xmlns="http://www.w3.org/2000/svg"
              >
                <path
                  d="M12.5 11.3c.4.4 1 .4 1.4 0L19 6.2V9c0 .6.4 1 1 1s1-.4 1-1V4c0-.6-.4-1-1-1h-5c-.6 0-1 .4-1 1s.4 1 1 1h2.4l-4.9 4.9c-.4.4-.4 1 0 1.4zM19 19c0 1.1-.9 2-2 2H5c-1.1 0-2-.9-2-2V7c0-1.1.9-2 2-2h7v2H5v12h12v-7h2"
                />
              </svg>
            </div>
          </a>
        </th>
        <th
          class="table__cell api-docs__cell"
        >
          <span
            class="paragraph paragraph--no-padding api-docs__method"
          >
            GET
          </span>
        </th>
        <th
          class="table__cell api-docs__cell"
        >
          <span
            class="paragraph paragraph--no-padding"
          />
        </th>
        <th
          class="table__cell api-docs__cell"
        >
          <span
            class="paragraph paragraph--no-padding"
          >
            Admin only
          </span>
        </th>
        <th
          class="table__cell api-docs__cell"
        >
          <span
            class="paragraph paragraph--no-padding api-docs__description"
          >
            Returns a file containing a full data backup for the site
          </span>
        </th>
      </tr>
      <tr
        class="table__row"
      >
        <th
          class="table__cell api-docs__cell"
        >
          <a
            aria-label="/data-management/delete-entity (opens in a new tab)"
            class="text-link text-link--text-link text-link--no-padding text-link--inline"
            href="https://screen-reader-adventures.com/api/data-management/delete-entity"
            rel="noopener noreferrer"
            target="_blank"
          >
            /data-management/delete-entity
            <div
              class="text-link__icon-container"
            >
              <svg
                class="icon text-link__icon"
                height="18"
                viewBox="0 0 24 24"
                width="18"
                xmlns="http://www.w3.org/2000/svg"
              >
                <path
                  d="M12.5 11.3c.4.4 1 .4 1.4 0L19 6.2V9c0 .6.4 1 1 1s1-.4 1-1V4c0-.6-.4-1-1-1h-5c-.6 0-1 .4-1 1s.4 1 1 1h2.4l-4.9 4.9c-.4.4-.4 1 0 1.4zM19 19c0 1.1-.9 2-2 2H5c-1.1 0-2-.9-2-2V7c0-1.1.9-2 2-2h7v2H5v12h12v-7h2"
                />
              </svg>
            </div>
          </a>
        </th>
        <th
          class="table__cell api-docs__cell"
        >
          <span
            class="paragraph paragraph--no-padding api-docs__method"
          >
            POST
          </span>
        </th>
        <th
          class="table__cell api-docs__cell"
        >
          <span
            class="paragraph paragraph--no-padding"
          />
        </th>
        <th
          class="table__cell api-docs__cell"
        >
          <span
            class="paragraph paragraph--no-padding"
          >
            Admin only
          </span>
        </th>
        <th
          class="table__cell api-docs__cell"
        >
          <span
            class="paragraph paragraph--no-padding api-docs__description"
          >
            Remove a previously deleted entity completely from the DB
          </span>
        </th>
      </tr>
      <tr
        class="table__row"
      >
        <th
          class="table__cell api-docs__cell"
        >
          <a
            aria-label="/data-management/delete-set (opens in a new tab)"
            class="text-link text-link--text-link text-link--no-padding text-link--inline"
            href="https://screen-reader-adventures.com/api/data-management/delete-set"
            rel="noopener noreferrer"
            target="_blank"
          >
            /data-management/delete-set
            <div
              class="text-link__icon-container"
            >
              <svg
                class="icon text-link__icon"
                height="18"
                viewBox="0 0 24 24"
                width="18"
                xmlns="http://www.w3.org/2000/svg"
              >
                <path
                  d="M12.5 11.3c.4.4 1 .4 1.4 0L19 6.2V9c0 .6.4 1 1 1s1-.4 1-1V4c0-.6-.4-1-1-1h-5c-.6 0-1 .4-1 1s.4 1 1 1h2.4l-4.9 4.9c-.4.4-.4 1 0 1.4zM19 19c0 1.1-.9 2-2 2H5c-1.1 0-2-.9-2-2V7c0-1.1.9-2 2-2h7v2H5v12h12v-7h2"
                />
              </svg>
            </div>
          </a>
        </th>
        <th
          class="table__cell api-docs__cell"
        >
          <span
            class="paragraph paragraph--no-padding api-docs__method"
          >
            POST
          </span>
        </th>
        <th
          class="table__cell api-docs__cell"
        >
          <span
            class="paragraph paragraph--no-padding"
          />
        </th>
        <th
          class="table__cell api-docs__cell"
        >
          <span
            class="paragraph paragraph--no-padding"
          >
            Admin only
          </span>
        </th>
        <th
          class="table__cell api-docs__cell"
        >
          <span
            class="paragraph paragraph--no-padding api-docs__description"
          >
            Remove an entire collection from the DB
          </span>
        </th>
      </tr>
      <tr
        class="table__row"
      >
        <th
          class="table__cell api-docs__cell"
        >
          <a
            aria-label="/data-management/restore (opens in a new tab)"
            class="text-link text-link--text-link text-link--no-padding text-link--inline"
            href="https://screen-reader-adventures.com/api/data-management/restore"
            rel="noopener noreferrer"
            target="_blank"
          >
            /data-management/restore
            <div
              class="text-link__icon-container"
            >
              <svg
                class="icon text-link__icon"
                height="18"
                viewBox="0 0 24 24"
                width="18"
                xmlns="http://www.w3.org/2000/svg"
              >
                <path
                  d="M12.5 11.3c.4.4 1 .4 1.4 0L19 6.2V9c0 .6.4 1 1 1s1-.4 1-1V4c0-.6-.4-1-1-1h-5c-.6 0-1 .4-1 1s.4 1 1 1h2.4l-4.9 4.9c-.4.4-.4 1 0 1.4zM19 19c0 1.1-.9 2-2 2H5c-1.1 0-2-.9-2-2V7c0-1.1.9-2 2-2h7v2H5v12h12v-7h2"
                />
              </svg>
            </div>
          </a>
        </th>
        <th
          class="table__cell api-docs__cell"
        >
          <span
            class="paragraph paragraph--no-padding api-docs__method"
          >
            POST
          </span>
        </th>
        <th
          class="table__cell api-docs__cell"
        >
          <span
            class="paragraph paragraph--no-padding"
          />
        </th>
        <th
          class="table__cell api-docs__cell"
        >
          <span
            class="paragraph paragraph--no-padding"
          >
            Admin only
          </span>
        </th>
        <th
          class="table__cell api-docs__cell"
        >
          <span
            class="paragraph paragraph--no-padding api-docs__description"
          >
            Restore all the data from a backup file
          </span>
        </th>
      </tr>
      <tr
        class="table__row"
      >
        <th
          class="table__cell api-docs__cell"
        >
          <a
            aria-label="/notifications/create (opens in a new tab)"
            class="text-link text-link--text-link text-link--no-padding text-link--inline"
            href="https://screen-reader-adventures.com/api/notifications/create"
            rel="noopener noreferrer"
            target="_blank"
          >
            /notifications/create
            <div
              class="text-link__icon-container"
            >
              <svg
                class="icon text-link__icon"
                height="18"
                viewBox="0 0 24 24"
                width="18"
                xmlns="http://www.w3.org/2000/svg"
              >
                <path
                  d="M12.5 11.3c.4.4 1 .4 1.4 0L19 6.2V9c0 .6.4 1 1 1s1-.4 1-1V4c0-.6-.4-1-1-1h-5c-.6 0-1 .4-1 1s.4 1 1 1h2.4l-4.9 4.9c-.4.4-.4 1 0 1.4zM19 19c0 1.1-.9 2-2 2H5c-1.1 0-2-.9-2-2V7c0-1.1.9-2 2-2h7v2H5v12h12v-7h2"
                />
              </svg>
            </div>
          </a>
        </th>
        <th
          class="table__cell api-docs__cell"
        >
          <span
            class="paragraph paragraph--no-padding api-docs__method"
          >
            POST
          </span>
        </th>
        <th
          class="table__cell api-docs__cell"
        >
          <span
            class="paragraph paragraph--no-padding"
          />
        </th>
        <th
          class="table__cell api-docs__cell"
        >
          <span
            class="paragraph paragraph--no-padding"
          >
            Admin only
          </span>
        </th>
        <th
          class="table__cell api-docs__cell"
        >
          <span
            class="paragraph paragraph--no-padding api-docs__description"
          >
            Creates a notification which will be show at the top of the site
          </span>
        </th>
      </tr>
      <tr
        class="table__row"
      >
        <th
          class="table__cell api-docs__cell"
        >
          <a
            aria-label="/notifications/delete (opens in a new tab)"
            class="text-link text-link--text-link text-link--no-padding text-link--inline"
            href="https://screen-reader-adventures.com/api/notifications/delete"
            rel="noopener noreferrer"
            target="_blank"
          >
            /notifications/delete
            <div
              class="text-link__icon-container"
            >
              <svg
                class="icon text-link__icon"
                height="18"
                viewBox="0 0 24 24"
                width="18"
                xmlns="http://www.w3.org/2000/svg"
              >
                <path
                  d="M12.5 11.3c.4.4 1 .4 1.4 0L19 6.2V9c0 .6.4 1 1 1s1-.4 1-1V4c0-.6-.4-1-1-1h-5c-.6 0-1 .4-1 1s.4 1 1 1h2.4l-4.9 4.9c-.4.4-.4 1 0 1.4zM19 19c0 1.1-.9 2-2 2H5c-1.1 0-2-.9-2-2V7c0-1.1.9-2 2-2h7v2H5v12h12v-7h2"
                />
              </svg>
            </div>
          </a>
        </th>
        <th
          class="table__cell api-docs__cell"
        >
          <span
            class="paragraph paragraph--no-padding api-docs__method"
          >
            POST
          </span>
        </th>
        <th
          class="table__cell api-docs__cell"
        >
          <span
            class="paragraph paragraph--no-padding"
          />
        </th>
        <th
          class="table__cell api-docs__cell"
        >
          <span
            class="paragraph paragraph--no-padding"
          >
            Admin only
          </span>
        </th>
        <th
          class="table__cell api-docs__cell"
        >
          <span
            class="paragraph paragraph--no-padding api-docs__description"
          >
            Deletes a notification
          </span>
        </th>
      </tr>
      <tr
        class="table__row"
      >
        <th
          class="table__cell api-docs__cell"
        >
          <a
            aria-label="/notifications/load-all (opens in a new tab)"
            class="text-link text-link--text-link text-link--no-padding text-link--inline"
            href="https://screen-reader-adventures.com/api/notifications/load-all"
            rel="noopener noreferrer"
            target="_blank"
          >
            /notifications/load-all
            <div
              class="text-link__icon-container"
            >
              <svg
                class="icon text-link__icon"
                height="18"
                viewBox="0 0 24 24"
                width="18"
                xmlns="http://www.w3.org/2000/svg"
              >
                <path
                  d="M12.5 11.3c.4.4 1 .4 1.4 0L19 6.2V9c0 .6.4 1 1 1s1-.4 1-1V4c0-.6-.4-1-1-1h-5c-.6 0-1 .4-1 1s.4 1 1 1h2.4l-4.9 4.9c-.4.4-.4 1 0 1.4zM19 19c0 1.1-.9 2-2 2H5c-1.1 0-2-.9-2-2V7c0-1.1.9-2 2-2h7v2H5v12h12v-7h2"
                />
              </svg>
            </div>
          </a>
        </th>
        <th
          class="table__cell api-docs__cell"
        >
          <span
            class="paragraph paragraph--no-padding api-docs__method"
          >
            GET
          </span>
        </th>
        <th
          class="table__cell api-docs__cell"
        >
          <span
            class="paragraph paragraph--no-padding"
          />
        </th>
        <th
          class="table__cell api-docs__cell"
        >
          <span
            class="paragraph paragraph--no-padding"
          >
            Any user - only an admin can see deleted notifications
          </span>
        </th>
        <th
          class="table__cell api-docs__cell"
        >
          <span
            class="paragraph paragraph--no-padding api-docs__description"
          >
            Load all notifications
          </span>
        </th>
      </tr>
      <tr
        class="table__row"
      >
        <th
          class="table__cell api-docs__cell"
        >
          <a
            aria-label="/notifications/load/:id (opens in a new tab)"
            class="text-link text-link--text-link text-link--no-padding text-link--inline"
            href="https://screen-reader-adventures.com/api/notifications/load/:id"
            rel="noopener noreferrer"
            target="_blank"
          >
            /notifications/load/:id
            <div
              class="text-link__icon-container"
            >
              <svg
                class="icon text-link__icon"
                height="18"
                viewBox="0 0 24 24"
                width="18"
                xmlns="http://www.w3.org/2000/svg"
              >
                <path
                  d="M12.5 11.3c.4.4 1 .4 1.4 0L19 6.2V9c0 .6.4 1 1 1s1-.4 1-1V4c0-.6-.4-1-1-1h-5c-.6 0-1 .4-1 1s.4 1 1 1h2.4l-4.9 4.9c-.4.4-.4 1 0 1.4zM19 19c0 1.1-.9 2-2 2H5c-1.1 0-2-.9-2-2V7c0-1.1.9-2 2-2h7v2H5v12h12v-7h2"
                />
              </svg>
            </div>
          </a>
        </th>
        <th
          class="table__cell api-docs__cell"
        >
          <span
            class="paragraph paragraph--no-padding api-docs__method"
          >
            GET
          </span>
        </th>
        <th
          class="table__cell api-docs__cell"
        >
          <span
            class="paragraph paragraph--no-padding"
          />
        </th>
        <th
          class="table__cell api-docs__cell"
        >
          <span
            class="paragraph paragraph--no-padding"
          />
        </th>
        <th
          class="table__cell api-docs__cell"
        >
          <span
            class="paragraph paragraph--no-padding api-docs__description"
          />
        </th>
      </tr>
      <tr
        class="table__row"
      >
        <th
          class="table__cell api-docs__cell"
        >
          <a
            aria-label="/notifications/update (opens in a new tab)"
            class="text-link text-link--text-link text-link--no-padding text-link--inline"
            href="https://screen-reader-adventures.com/api/notifications/update"
            rel="noopener noreferrer"
            target="_blank"
          >
            /notifications/update
            <div
              class="text-link__icon-container"
            >
              <svg
                class="icon text-link__icon"
                height="18"
                viewBox="0 0 24 24"
                width="18"
                xmlns="http://www.w3.org/2000/svg"
              >
                <path
                  d="M12.5 11.3c.4.4 1 .4 1.4 0L19 6.2V9c0 .6.4 1 1 1s1-.4 1-1V4c0-.6-.4-1-1-1h-5c-.6 0-1 .4-1 1s.4 1 1 1h2.4l-4.9 4.9c-.4.4-.4 1 0 1.4zM19 19c0 1.1-.9 2-2 2H5c-1.1 0-2-.9-2-2V7c0-1.1.9-2 2-2h7v2H5v12h12v-7h2"
                />
              </svg>
            </div>
          </a>
        </th>
        <th
          class="table__cell api-docs__cell"
        >
          <span
            class="paragraph paragraph--no-padding api-docs__method"
          >
            POST
          </span>
        </th>
        <th
          class="table__cell api-docs__cell"
        >
          <span
            class="paragraph paragraph--no-padding"
          />
        </th>
        <th
          class="table__cell api-docs__cell"
        >
          <span
            class="paragraph paragraph--no-padding"
          >
            Admin only
          </span>
        </th>
        <th
          class="table__cell api-docs__cell"
        >
          <span
            class="paragraph paragraph--no-padding api-docs__description"
          >
            Update a given notification
          </span>
        </th>
      </tr>
      <tr
        class="table__row"
      >
        <th
          class="table__cell api-docs__cell"
        >
          <a
            aria-label="/users/create (opens in a new tab)"
            class="text-link text-link--text-link text-link--no-padding text-link--inline"
            href="https://screen-reader-adventures.com/api/users/create"
            rel="noopener noreferrer"
            target="_blank"
          >
            /users/create
            <div
              class="text-link__icon-container"
            >
              <svg
                class="icon text-link__icon"
                height="18"
                viewBox="0 0 24 24"
                width="18"
                xmlns="http://www.w3.org/2000/svg"
              >
                <path
                  d="M12.5 11.3c.4.4 1 .4 1.4 0L19 6.2V9c0 .6.4 1 1 1s1-.4 1-1V4c0-.6-.4-1-1-1h-5c-.6 0-1 .4-1 1s.4 1 1 1h2.4l-4.9 4.9c-.4.4-.4 1 0 1.4zM19 19c0 1.1-.9 2-2 2H5c-1.1 0-2-.9-2-2V7c0-1.1.9-2 2-2h7v2H5v12h12v-7h2"
                />
              </svg>
            </div>
          </a>
        </th>
        <th
          class="table__cell api-docs__cell"
        >
          <span
            class="paragraph paragraph--no-padding api-docs__method"
          >
            POST
          </span>
        </th>
        <th
          class="table__cell api-docs__cell"
        >
          <span
            class="paragraph paragraph--no-padding"
          />
        </th>
        <th
          class="table__cell api-docs__cell"
        >
          <span
            class="paragraph paragraph--no-padding"
          >
            None - only an admin can create other admin users
          </span>
        </th>
        <th
          class="table__cell api-docs__cell"
        >
          <span
            class="paragraph paragraph--no-padding api-docs__description"
          >
            Create a user
          </span>
        </th>
      </tr>
      <tr
        class="table__row"
      >
        <th
          class="table__cell api-docs__cell"
        >
          <a
            aria-label="/users/delete (opens in a new tab)"
            class="text-link text-link--text-link text-link--no-padding text-link--inline"
            href="https://screen-reader-adventures.com/api/users/delete"
            rel="noopener noreferrer"
            target="_blank"
          >
            /users/delete
            <div
              class="text-link__icon-container"
            >
              <svg
                class="icon text-link__icon"
                height="18"
                viewBox="0 0 24 24"
                width="18"
                xmlns="http://www.w3.org/2000/svg"
              >
                <path
                  d="M12.5 11.3c.4.4 1 .4 1.4 0L19 6.2V9c0 .6.4 1 1 1s1-.4 1-1V4c0-.6-.4-1-1-1h-5c-.6 0-1 .4-1 1s.4 1 1 1h2.4l-4.9 4.9c-.4.4-.4 1 0 1.4zM19 19c0 1.1-.9 2-2 2H5c-1.1 0-2-.9-2-2V7c0-1.1.9-2 2-2h7v2H5v12h12v-7h2"
                />
              </svg>
            </div>
          </a>
        </th>
        <th
          class="table__cell api-docs__cell"
        >
          <span
            class="paragraph paragraph--no-padding api-docs__method"
          >
            POST
          </span>
        </th>
        <th
          class="table__cell api-docs__cell"
        >
          <span
            class="paragraph paragraph--no-padding"
          />
        </th>
        <th
          class="table__cell api-docs__cell"
        >
          <span
            class="paragraph paragraph--no-padding"
          >
            The user being deleted, or an admin only
          </span>
        </th>
        <th
          class="table__cell api-docs__cell"
        >
          <span
            class="paragraph paragraph--no-padding api-docs__description"
          >
            Delete a user
          </span>
        </th>
      </tr>
      <tr
        class="table__row"
      >
        <th
          class="table__cell api-docs__cell"
        >
          <a
            aria-label="/users/load (opens in a new tab)"
            class="text-link text-link--text-link text-link--no-padding text-link--inline"
            href="https://screen-reader-adventures.com/api/users/load"
            rel="noopener noreferrer"
            target="_blank"
          >
            /users/load
            <div
              class="text-link__icon-container"
            >
              <svg
                class="icon text-link__icon"
                height="18"
                viewBox="0 0 24 24"
                width="18"
                xmlns="http://www.w3.org/2000/svg"
              >
                <path
                  d="M12.5 11.3c.4.4 1 .4 1.4 0L19 6.2V9c0 .6.4 1 1 1s1-.4 1-1V4c0-.6-.4-1-1-1h-5c-.6 0-1 .4-1 1s.4 1 1 1h2.4l-4.9 4.9c-.4.4-.4 1 0 1.4zM19 19c0 1.1-.9 2-2 2H5c-1.1 0-2-.9-2-2V7c0-1.1.9-2 2-2h7v2H5v12h12v-7h2"
                />
              </svg>
            </div>
          </a>
        </th>
        <th
          class="table__cell api-docs__cell"
        >
          <span
            class="paragraph paragraph--no-padding api-docs__method"
          >
            GET
          </span>
        </th>
        <th
          class="table__cell api-docs__cell"
        >
          <span
            class="paragraph paragraph--no-padding"
          />
        </th>
        <th
          class="table__cell api-docs__cell"
        >
          <span
            class="paragraph paragraph--no-padding"
          >
            The user being loaded, or an admin only
          </span>
        </th>
        <th
          class="table__cell api-docs__cell"
        >
          <span
            class="paragraph paragraph--no-padding api-docs__description"
          >
            Load a given user
          </span>
        </th>
      </tr>
      <tr
        class="table__row"
      >
        <th
          class="table__cell api-docs__cell"
        >
          <a
            aria-label="/users/load-all (opens in a new tab)"
            class="text-link text-link--text-link text-link--no-padding text-link--inline"
            href="https://screen-reader-adventures.com/api/users/load-all"
            rel="noopener noreferrer"
            target="_blank"
          >
            /users/load-all
            <div
              class="text-link__icon-container"
            >
              <svg
                class="icon text-link__icon"
                height="18"
                viewBox="0 0 24 24"
                width="18"
                xmlns="http://www.w3.org/2000/svg"
              >
                <path
                  d="M12.5 11.3c.4.4 1 .4 1.4 0L19 6.2V9c0 .6.4 1 1 1s1-.4 1-1V4c0-.6-.4-1-1-1h-5c-.6 0-1 .4-1 1s.4 1 1 1h2.4l-4.9 4.9c-.4.4-.4 1 0 1.4zM19 19c0 1.1-.9 2-2 2H5c-1.1 0-2-.9-2-2V7c0-1.1.9-2 2-2h7v2H5v12h12v-7h2"
                />
              </svg>
            </div>
          </a>
        </th>
        <th
          class="table__cell api-docs__cell"
        >
          <span
            class="paragraph paragraph--no-padding api-docs__method"
          >
            GET
          </span>
        </th>
        <th
          class="table__cell api-docs__cell"
        >
          <span
            class="paragraph paragraph--no-padding"
          />
        </th>
        <th
          class="table__cell api-docs__cell"
        >
          <span
            class="paragraph paragraph--no-padding"
          >
            Admin only
          </span>
        </th>
        <th
          class="table__cell api-docs__cell"
        >
          <span
            class="paragraph paragraph--no-padding api-docs__description"
          >
            Load all users
          </span>
        </th>
      </tr>
      <tr
        class="table__row"
      >
        <th
          class="table__cell api-docs__cell"
        >
          <a
            aria-label="/users/sign-up (opens in a new tab)"
            class="text-link text-link--text-link text-link--no-padding text-link--inline"
            href="https://screen-reader-adventures.com/api/users/sign-up"
            rel="noopener noreferrer"
            target="_blank"
          >
            /users/sign-up
            <div
              class="text-link__icon-container"
            >
              <svg
                class="icon text-link__icon"
                height="18"
                viewBox="0 0 24 24"
                width="18"
                xmlns="http://www.w3.org/2000/svg"
              >
                <path
                  d="M12.5 11.3c.4.4 1 .4 1.4 0L19 6.2V9c0 .6.4 1 1 1s1-.4 1-1V4c0-.6-.4-1-1-1h-5c-.6 0-1 .4-1 1s.4 1 1 1h2.4l-4.9 4.9c-.4.4-.4 1 0 1.4zM19 19c0 1.1-.9 2-2 2H5c-1.1 0-2-.9-2-2V7c0-1.1.9-2 2-2h7v2H5v12h12v-7h2"
                />
              </svg>
            </div>
          </a>
        </th>
        <th
          class="table__cell api-docs__cell"
        >
          <span
            class="paragraph paragraph--no-padding api-docs__method"
          >
            POST
          </span>
        </th>
        <th
          class="table__cell api-docs__cell"
        >
          <span
            class="paragraph paragraph--no-padding"
          />
        </th>
        <th
          class="table__cell api-docs__cell"
        >
          <span
            class="paragraph paragraph--no-padding"
          >
            None
          </span>
        </th>
        <th
          class="table__cell api-docs__cell"
        >
          <span
            class="paragraph paragraph--no-padding api-docs__description"
          >
            Create a user, and sign in as that user at the same time
          </span>
        </th>
      </tr>
      <tr
        class="table__row"
      >
        <th
          class="table__cell api-docs__cell"
        >
          <a
            aria-label="/users/update (opens in a new tab)"
            class="text-link text-link--text-link text-link--no-padding text-link--inline"
            href="https://screen-reader-adventures.com/api/users/update"
            rel="noopener noreferrer"
            target="_blank"
          >
            /users/update
            <div
              class="text-link__icon-container"
            >
              <svg
                class="icon text-link__icon"
                height="18"
                viewBox="0 0 24 24"
                width="18"
                xmlns="http://www.w3.org/2000/svg"
              >
                <path
                  d="M12.5 11.3c.4.4 1 .4 1.4 0L19 6.2V9c0 .6.4 1 1 1s1-.4 1-1V4c0-.6-.4-1-1-1h-5c-.6 0-1 .4-1 1s.4 1 1 1h2.4l-4.9 4.9c-.4.4-.4 1 0 1.4zM19 19c0 1.1-.9 2-2 2H5c-1.1 0-2-.9-2-2V7c0-1.1.9-2 2-2h7v2H5v12h12v-7h2"
                />
              </svg>
            </div>
          </a>
        </th>
        <th
          class="table__cell api-docs__cell"
        >
          <span
            class="paragraph paragraph--no-padding api-docs__method"
          >
            POST
          </span>
        </th>
        <th
          class="table__cell api-docs__cell"
        >
          <span
            class="paragraph paragraph--no-padding"
          />
        </th>
        <th
          class="table__cell api-docs__cell"
        >
          <span
            class="paragraph paragraph--no-padding"
          >
            Any user - only an admin can promote other users to admin
          </span>
        </th>
        <th
          class="table__cell api-docs__cell"
        >
          <span
            class="paragraph paragraph--no-padding api-docs__description"
          >
            Update a given user
          </span>
        </th>
      </tr>
    </tbody>
  </table>
</div>
`;
